[1] "ATTACACGTGGATCGAAA"
[1] "AAAACCCGGAGACTCT"
[1] "CCAAGCAGCTAGACGACGA"
