  beaver   bobcat   gopher    mouse squirrel   weasel 
    13.0     15.3      8.2      4.4      3.1      6.5 
