[1] "After 3 days, there will be 17 E. coli"
[1] "After 3 days, there will be 249884 Yersinia pestis"
[1] "After 3 days, there will be 10325 Actinobacteria"
