[1] 2
[1] 3
[1] "numeric"
[1] "numeric"
[1] 5
[1] "numeric"
[1] "integer"
[1] "numeric"
