[1] "The number of lions in South Africa is 42. The number of tigers in South Africa is 17."
