[1] 15.5
[1] 4
[1] 3
[1] 4.5
[1] 3.162276
[1] 2.772589
[1] 4
